// Jest Snapshot v1, https://goo.gl/fbAQLP

exports[`<Button /> should render button snapshot 1`] = `
<button
  class="btn testVariant testClassName"
  title="testButton"
>
  test
</button>
`;
