// Jest Snapshot v1, https://goo.gl/fbAQLP

exports[`<BudgetPage /> <BudgetPage /> 1`] = `
<div>
  ...Loading
</div>
`;
